Archive member included because of file (symbol)

c:/program files/gnu tools arm embedded/4.8 2014q2/bin/../lib/gcc/arm-none-eabi/4.8.4/../../../../arm-none-eabi/lib/armv7-m\libg.a(lib_a-memcmp.o)
                              ..\obj\tasks.o (memcmp)
c:/program files/gnu tools arm embedded/4.8 2014q2/bin/../lib/gcc/arm-none-eabi/4.8.4/../../../../arm-none-eabi/lib/armv7-m\libg.a(lib_a-memcpy.o)
                              ..\obj\queue.o (memcpy)
c:/program files/gnu tools arm embedded/4.8 2014q2/bin/../lib/gcc/arm-none-eabi/4.8.4/../../../../arm-none-eabi/lib/armv7-m\libg.a(lib_a-memset.o)
                              ..\obj\tasks.o (memset)
c:/program files/gnu tools arm embedded/4.8 2014q2/bin/../lib/gcc/arm-none-eabi/4.8.4/../../../../arm-none-eabi/lib/armv7-m\libg.a(lib_a-strcpy.o)
                              ..\obj\basic_io.o (strcpy)
c:/program files/gnu tools arm embedded/4.8 2014q2/bin/../lib/gcc/arm-none-eabi/4.8.4/../../../../arm-none-eabi/lib/armv7-m\libg.a(lib_a-strlen.o)
                              ..\obj\consoleprint.o (strlen)

Allocating common symbols
Common symbol       size              file

x                   0x4               ..\obj\main.o
y                   0x4               ..\obj\main.o

Discarded input sections

 .text          0x00000000        0x0 ..\obj\consoleprint.o
 .data          0x00000000        0x0 ..\obj\consoleprint.o
 .bss           0x00000000        0x0 ..\obj\consoleprint.o
 .text.consoleprint
                0x00000000       0x28 ..\obj\consoleprint.o
 .debug_info    0x00000000       0xc0 ..\obj\consoleprint.o
 .debug_abbrev  0x00000000       0x7a ..\obj\consoleprint.o
 .debug_aranges
                0x00000000       0x20 ..\obj\consoleprint.o
 .debug_ranges  0x00000000       0x10 ..\obj\consoleprint.o
 .debug_line    0x00000000       0xc6 ..\obj\consoleprint.o
 .debug_str     0x00000000      0x202 ..\obj\consoleprint.o
 .comment       0x00000000       0x71 ..\obj\consoleprint.o
 .ARM.attributes
                0x00000000       0x33 ..\obj\consoleprint.o
 .debug_frame   0x00000000       0x30 ..\obj\consoleprint.o
 .text          0x00000000        0x0 ..\obj\basic_io.o
 .data          0x00000000        0x0 ..\obj\basic_io.o
 .bss           0x00000000       0x34 ..\obj\basic_io.o
 .text.vPrintString
                0x00000000       0x28 ..\obj\basic_io.o
 .rodata        0x00000000        0x8 ..\obj\basic_io.o
 .text.vPrintStringAndNumber
                0x00000000       0x34 ..\obj\basic_io.o
 .debug_info    0x00000000      0x123 ..\obj\basic_io.o
 .debug_abbrev  0x00000000       0xa9 ..\obj\basic_io.o
 .debug_aranges
                0x00000000       0x28 ..\obj\basic_io.o
 .debug_ranges  0x00000000       0x18 ..\obj\basic_io.o
 .debug_line    0x00000000      0x1d0 ..\obj\basic_io.o
 .debug_str     0x00000000      0x23e ..\obj\basic_io.o
 .comment       0x00000000       0x71 ..\obj\basic_io.o
 .ARM.attributes
                0x00000000       0x33 ..\obj\basic_io.o
 .debug_frame   0x00000000       0x50 ..\obj\basic_io.o
 .text          0x00000000        0x0 ..\obj\lpc17xx_clkpwr.o
 .data          0x00000000        0x0 ..\obj\lpc17xx_clkpwr.o
 .bss           0x00000000        0x0 ..\obj\lpc17xx_clkpwr.o
 .text.CLKPWR_SetPCLKDiv
                0x00000000       0x8c ..\obj\lpc17xx_clkpwr.o
 .text.CLKPWR_GetPCLKSEL
                0x00000000       0x4c ..\obj\lpc17xx_clkpwr.o
 .text.CLKPWR_GetPCLK
                0x00000000       0x64 ..\obj\lpc17xx_clkpwr.o
 .text.CLKPWR_ConfigPPWR
                0x00000000       0x58 ..\obj\lpc17xx_clkpwr.o
 .text.CLKPWR_Sleep
                0x00000000       0x1c ..\obj\lpc17xx_clkpwr.o
 .text.CLKPWR_DeepSleep
                0x00000000       0x24 ..\obj\lpc17xx_clkpwr.o
 .text.CLKPWR_PowerDown
                0x00000000       0x24 ..\obj\lpc17xx_clkpwr.o
 .text.CLKPWR_DeepPowerDown
                0x00000000       0x24 ..\obj\lpc17xx_clkpwr.o
 .debug_info    0x00000000      0x654 ..\obj\lpc17xx_clkpwr.o
 .debug_abbrev  0x00000000      0x1c5 ..\obj\lpc17xx_clkpwr.o
 .debug_aranges
                0x00000000       0x58 ..\obj\lpc17xx_clkpwr.o
 .debug_ranges  0x00000000       0x48 ..\obj\lpc17xx_clkpwr.o
 .debug_line    0x00000000      0x301 ..\obj\lpc17xx_clkpwr.o
 .debug_str     0x00000000      0x42b ..\obj\lpc17xx_clkpwr.o
 .comment       0x00000000       0x71 ..\obj\lpc17xx_clkpwr.o
 .ARM.attributes
                0x00000000       0x33 ..\obj\lpc17xx_clkpwr.o
 .debug_frame   0x00000000       0xe4 ..\obj\lpc17xx_clkpwr.o
 .text          0x00000000        0x0 ..\obj\system_LPC17xx.o
 .bss           0x00000000        0x0 ..\obj\system_LPC17xx.o
 .text.SystemCoreClockUpdate
                0x00000000      0x164 ..\obj\system_LPC17xx.o
 .text          0x00000000        0x0 ..\obj\main.o
 .data          0x00000000        0x0 ..\obj\main.o
 .bss           0x00000000        0x0 ..\obj\main.o
 .text.ECALPCGPIODemo
                0x00000000      0x104 ..\obj\main.o
 .text._dbg_    0x00000000       0x14 ..\obj\main.o
 .text.delay_us
                0x00000000       0x68 ..\obj\main.o
 .text.delay_ms
                0x00000000       0x68 ..\obj\main.o
 .text.delay_s  0x00000000       0x74 ..\obj\main.o
 COMMON         0x00000000        0x8 ..\obj\main.o
 .text          0x00000000        0x0 ..\obj\timers.o
 .data          0x00000000        0x0 ..\obj\timers.o
 .bss           0x00000000        0x0 ..\obj\timers.o
 .debug_info    0x00000000       0x95 ..\obj\timers.o
 .debug_abbrev  0x00000000       0x49 ..\obj\timers.o
 .debug_aranges
                0x00000000       0x18 ..\obj\timers.o
 .debug_line    0x00000000      0x116 ..\obj\timers.o
 .debug_str     0x00000000      0x1b0 ..\obj\timers.o
 .comment       0x00000000       0x71 ..\obj\timers.o
 .ARM.attributes
                0x00000000       0x33 ..\obj\timers.o
 .text          0x00000000        0x0 ..\obj\printf.o
 .data          0x00000000      0x430 ..\obj\printf.o
 .bss           0x00000000        0x0 ..\obj\printf.o
 .text.PrintChar
                0x00000000       0x14 ..\obj\printf.o
 .text.PutChar  0x00000000       0x20 ..\obj\printf.o
 .text.PutString
                0x00000000       0x3c ..\obj\printf.o
 .text.PutUnsignedInt
                0x00000000       0xa0 ..\obj\printf.o
 .text.PutSignedInt
                0x00000000       0xfc ..\obj\printf.o
 .text.PutHexa  0x00000000       0xd4 ..\obj\printf.o
 .text.vsnprintf
                0x00000000      0x254 ..\obj\printf.o
 .text.snprintf
                0x00000000       0x30 ..\obj\printf.o
 .text.vsprintf
                0x00000000       0x24 ..\obj\printf.o
 .rodata        0x00000000       0x24 ..\obj\printf.o
 .text.vfprintf
                0x00000000       0x68 ..\obj\printf.o
 .text.vprintf  0x00000000       0x28 ..\obj\printf.o
 .text.fprintf  0x00000000       0x2c ..\obj\printf.o
 .text.printf   0x00000000       0x28 ..\obj\printf.o
 .text.sprintf  0x00000000       0x2c ..\obj\printf.o
 .text.puts     0x00000000       0x24 ..\obj\printf.o
 .text.fputc    0x00000000       0x40 ..\obj\printf.o
 .text.fputs    0x00000000       0x48 ..\obj\printf.o
 .debug_info    0x00000000      0xe38 ..\obj\printf.o
 .debug_abbrev  0x00000000      0x27e ..\obj\printf.o
 .debug_aranges
                0x00000000       0xa0 ..\obj\printf.o
 .debug_ranges  0x00000000       0x90 ..\obj\printf.o
 .debug_line    0x00000000      0x389 ..\obj\printf.o
 .debug_str     0x00000000      0x670 ..\obj\printf.o
 .comment       0x00000000       0x71 ..\obj\printf.o
 .ARM.attributes
                0x00000000       0x33 ..\obj\printf.o
 .debug_frame   0x00000000      0x244 ..\obj\printf.o
 .text          0x00000000        0x0 ..\obj\lpc17xx_gpio.o
 .data          0x00000000        0x0 ..\obj\lpc17xx_gpio.o
 .bss           0x00000000        0x0 ..\obj\lpc17xx_gpio.o
 .text.FIO_HalfWordGetPointer
                0x00000000       0x74 ..\obj\lpc17xx_gpio.o
 .text.FIO_ByteGetPointer
                0x00000000       0x74 ..\obj\lpc17xx_gpio.o
 .text.GPIO_IntCmd
                0x00000000       0x70 ..\obj\lpc17xx_gpio.o
 .text.GPIO_GetIntStatus
                0x00000000       0xa4 ..\obj\lpc17xx_gpio.o
 .text.GPIO_ClearInt
                0x00000000       0x38 ..\obj\lpc17xx_gpio.o
 .text.FIO_SetDir
                0x00000000       0x24 ..\obj\lpc17xx_gpio.o
 .text.FIO_SetValue
                0x00000000       0x1c ..\obj\lpc17xx_gpio.o
 .text.FIO_ClearValue
                0x00000000       0x1c ..\obj\lpc17xx_gpio.o
 .text.FIO_ReadValue
                0x00000000       0x1c ..\obj\lpc17xx_gpio.o
 .text.FIO_IntCmd
                0x00000000       0x24 ..\obj\lpc17xx_gpio.o
 .text.FIO_GetIntStatus
                0x00000000       0x28 ..\obj\lpc17xx_gpio.o
 .text.FIO_ClearInt
                0x00000000       0x1c ..\obj\lpc17xx_gpio.o
 .text.FIO_SetMask
                0x00000000       0x48 ..\obj\lpc17xx_gpio.o
 .text.FIO_HalfWordSetDir
                0x00000000       0x8c ..\obj\lpc17xx_gpio.o
 .text.FIO_HalfWordSetMask
                0x00000000       0x8c ..\obj\lpc17xx_gpio.o
 .text.FIO_HalfWordSetValue
                0x00000000       0x3c ..\obj\lpc17xx_gpio.o
 .text.FIO_HalfWordClearValue
                0x00000000       0x3c ..\obj\lpc17xx_gpio.o
 .text.FIO_HalfWordReadValue
                0x00000000       0x40 ..\obj\lpc17xx_gpio.o
 .text.FIO_ByteSetDir
                0x00000000       0x68 ..\obj\lpc17xx_gpio.o
 .text.FIO_ByteSetMask
                0x00000000       0x70 ..\obj\lpc17xx_gpio.o
 .text.FIO_ByteSetValue
                0x00000000       0x38 ..\obj\lpc17xx_gpio.o
 .text.FIO_ByteClearValue
                0x00000000       0x38 ..\obj\lpc17xx_gpio.o
 .text.FIO_ByteReadValue
                0x00000000       0x3c ..\obj\lpc17xx_gpio.o
 .text          0x00000000        0x0 ..\obj\tasks.o
 .text.vTaskDelete
                0x00000000       0xac ..\obj\tasks.o
 .text.vTaskDelayUntil
                0x00000000       0xc0 ..\obj\tasks.o
 .text.uxTaskPriorityGet
                0x00000000       0x34 ..\obj\tasks.o
 .text.vTaskPrioritySet
                0x00000000      0x124 ..\obj\tasks.o
 .text.vTaskSuspend
                0x00000000       0xb8 ..\obj\tasks.o
 .text.prvTaskIsTaskSuspended
                0x00000000       0x64 ..\obj\tasks.o
 .text.vTaskResume
                0x00000000       0x9c ..\obj\tasks.o
 .text.xTaskResumeFromISR
                0x00000000       0xb8 ..\obj\tasks.o
 .text.vTaskEndScheduler
                0x00000000       0x18 ..\obj\tasks.o
 .text.xTaskGetTickCount
                0x00000000       0x24 ..\obj\tasks.o
 .text.xTaskGetTickCountFromISR
                0x00000000       0x2c ..\obj\tasks.o
 .text.uxTaskGetNumberOfTasks
                0x00000000       0x18 ..\obj\tasks.o
 .text.vTaskPlaceOnEventList
                0x00000000       0x6c ..\obj\tasks.o
 .text.vTaskPlaceOnUnorderedEventList
                0x00000000       0x8c ..\obj\tasks.o
 .text.xTaskRemoveFromEventList
                0x00000000       0xb8 ..\obj\tasks.o
 .text.xTaskRemoveFromUnorderedEventList
                0x00000000       0xb0 ..\obj\tasks.o
 .text.vTaskSetTimeOutState
                0x00000000       0x34 ..\obj\tasks.o
 .text.xTaskCheckForTimeOut
                0x00000000       0xa0 ..\obj\tasks.o
 .text.vTaskMissedYield
                0x00000000       0x18 ..\obj\tasks.o
 .text.xTaskGetCurrentTaskHandle
                0x00000000       0x20 ..\obj\tasks.o
 .text.vTaskPriorityInherit
                0x00000000       0xbc ..\obj\tasks.o
 .text.vTaskPriorityDisinherit
                0x00000000       0x84 ..\obj\tasks.o
 .text.uxTaskResetEventItemValue
                0x00000000       0x30 ..\obj\tasks.o
 .text          0x00000000        0x0 ..\obj\startup_LPC17xx.o
 .data          0x00000000        0x0 ..\obj\startup_LPC17xx.o
 .bss           0x00000000        0x0 ..\obj\startup_LPC17xx.o
 .text          0x00000000        0x0 ..\obj\lpc17xx_libcfg_default.o
 .data          0x00000000        0x0 ..\obj\lpc17xx_libcfg_default.o
 .bss           0x00000000        0x0 ..\obj\lpc17xx_libcfg_default.o
 .text.check_failed
                0x00000000        0xc ..\obj\lpc17xx_libcfg_default.o
 .debug_info    0x00000000       0xd3 ..\obj\lpc17xx_libcfg_default.o
 .debug_abbrev  0x00000000       0x67 ..\obj\lpc17xx_libcfg_default.o
 .debug_aranges
                0x00000000       0x20 ..\obj\lpc17xx_libcfg_default.o
 .debug_ranges  0x00000000       0x10 ..\obj\lpc17xx_libcfg_default.o
 .debug_line    0x00000000      0x145 ..\obj\lpc17xx_libcfg_default.o
 .debug_str     0x00000000      0x199 ..\obj\lpc17xx_libcfg_default.o
 .comment       0x00000000       0x71 ..\obj\lpc17xx_libcfg_default.o
 .ARM.attributes
                0x00000000       0x33 ..\obj\lpc17xx_libcfg_default.o
 .debug_frame   0x00000000       0x2c ..\obj\lpc17xx_libcfg_default.o
 .text          0x00000000        0x0 ..\obj\lpc17xx_pinsel.o
 .data          0x00000000        0x0 ..\obj\lpc17xx_pinsel.o
 .bss           0x00000000        0x0 ..\obj\lpc17xx_pinsel.o
 .text.PINSEL_ConfigTraceFunc
                0x00000000       0x40 ..\obj\lpc17xx_pinsel.o
 .text.PINSEL_SetI2C0Pins
                0x00000000       0x38 ..\obj\lpc17xx_pinsel.o
 .text          0x00000000        0x0 ..\obj\list.o
 .data          0x00000000        0x0 ..\obj\list.o
 .bss           0x00000000        0x0 ..\obj\list.o
 .text          0x00000000        0x0 ..\obj\syscalls.o
 .data          0x00000000        0x0 ..\obj\syscalls.o
 .bss           0x00000000        0x4 ..\obj\syscalls.o
 .text._sbrk    0x00000000       0x40 ..\obj\syscalls.o
 .text.link     0x00000000       0x1c ..\obj\syscalls.o
 .text._close   0x00000000       0x18 ..\obj\syscalls.o
 .text._fstat   0x00000000       0x20 ..\obj\syscalls.o
 .text._isatty  0x00000000       0x18 ..\obj\syscalls.o
 .text._lseek   0x00000000       0x1c ..\obj\syscalls.o
 .text._read    0x00000000       0x1c ..\obj\syscalls.o
 .text._write   0x00000000       0x1c ..\obj\syscalls.o
 .text.abort    0x00000000        0x8 ..\obj\syscalls.o
 .debug_info    0x00000000      0x3ee ..\obj\syscalls.o
 .debug_abbrev  0x00000000       0xe2 ..\obj\syscalls.o
 .debug_aranges
                0x00000000       0x60 ..\obj\syscalls.o
 .debug_ranges  0x00000000       0x50 ..\obj\syscalls.o
 .debug_line    0x00000000      0x175 ..\obj\syscalls.o
 .debug_str     0x00000000      0x2e1 ..\obj\syscalls.o
 .comment       0x00000000       0x71 ..\obj\syscalls.o
 .ARM.attributes
                0x00000000       0x33 ..\obj\syscalls.o
 .debug_frame   0x00000000      0x108 ..\obj\syscalls.o
 .text          0x00000000        0x0 ..\obj\queue.o
 .data          0x00000000        0x0 ..\obj\queue.o
 .bss           0x00000000        0x0 ..\obj\queue.o
 .text.xQueueGenericReset
                0x00000000       0xb0 ..\obj\queue.o
 .text.xQueueGenericCreate
                0x00000000       0x7c ..\obj\queue.o
 .text.xQueueCreateMutex
                0x00000000       0x88 ..\obj\queue.o
 .text.xQueueCreateCountingSemaphore
                0x00000000       0x54 ..\obj\queue.o
 .text.xQueueGenericSend
                0x00000000      0x160 ..\obj\queue.o
 .text.xQueueGenericSendFromISR
                0x00000000       0xd4 ..\obj\queue.o
 .text.xQueueGenericReceive
                0x00000000      0x19c ..\obj\queue.o
 .text.xQueueReceiveFromISR
                0x00000000       0xb4 ..\obj\queue.o
 .text.xQueuePeekFromISR
                0x00000000       0x78 ..\obj\queue.o
 .text.uxQueueMessagesWaiting
                0x00000000       0x2c ..\obj\queue.o
 .text.uxQueueSpacesAvailable
                0x00000000       0x38 ..\obj\queue.o
 .text.uxQueueMessagesWaitingFromISR
                0x00000000       0x24 ..\obj\queue.o
 .text.vQueueDelete
                0x00000000       0x38 ..\obj\queue.o
 .text.prvCopyDataToQueue
                0x00000000       0xd0 ..\obj\queue.o
 .text.prvCopyDataFromQueue
                0x00000000       0x4c ..\obj\queue.o
 .text.prvUnlockQueue
                0x00000000       0x98 ..\obj\queue.o
 .text.prvIsQueueEmpty
                0x00000000       0x2c ..\obj\queue.o
 .text.xQueueIsQueueEmptyFromISR
                0x00000000       0x30 ..\obj\queue.o
 .text.prvIsQueueFull
                0x00000000       0x30 ..\obj\queue.o
 .text.xQueueIsQueueFullFromISR
                0x00000000       0x34 ..\obj\queue.o
 .debug_info    0x00000000      0x96c ..\obj\queue.o
 .debug_abbrev  0x00000000      0x161 ..\obj\queue.o
 .debug_aranges
                0x00000000       0xb8 ..\obj\queue.o
 .debug_ranges  0x00000000       0xa8 ..\obj\queue.o
 .debug_line    0x00000000      0x761 ..\obj\queue.o
 .debug_str     0x00000000      0x666 ..\obj\queue.o
 .comment       0x00000000       0x71 ..\obj\queue.o
 .ARM.attributes
                0x00000000       0x33 ..\obj\queue.o
 .debug_frame   0x00000000      0x290 ..\obj\queue.o
 .text          0x00000000        0x0 ..\obj\port.o
 .rodata        0x00000000        0x4 ..\obj\port.o
 .text.vPortEndScheduler
                0x00000000       0x1c ..\obj\port.o
 .text.vPortValidateInterruptPriority
                0x00000000       0x58 ..\obj\port.o
 .text          0x00000000        0x0 ..\obj\event_groups.o
 .data          0x00000000        0x0 ..\obj\event_groups.o
 .bss           0x00000000        0x0 ..\obj\event_groups.o
 .text.xEventGroupCreate
                0x00000000       0x30 ..\obj\event_groups.o
 .text.xEventGroupSync
                0x00000000       0xfc ..\obj\event_groups.o
 .text.xEventGroupWaitBits
                0x00000000      0x120 ..\obj\event_groups.o
 .text.xEventGroupClearBits
                0x00000000       0x44 ..\obj\event_groups.o
 .text.xEventGroupGetBitsFromISR
                0x00000000       0x28 ..\obj\event_groups.o
 .text.xEventGroupSetBits
                0x00000000       0xec ..\obj\event_groups.o
 .text.vEventGroupDelete
                0x00000000       0x50 ..\obj\event_groups.o
 .text.vEventGroupSetBitsCallback
                0x00000000       0x18 ..\obj\event_groups.o
 .text.vEventGroupClearBitsCallback
                0x00000000       0x18 ..\obj\event_groups.o
 .text.prvTestWaitCondition
                0x00000000       0x44 ..\obj\event_groups.o
 .debug_info    0x00000000      0x631 ..\obj\event_groups.o
 .debug_abbrev  0x00000000      0x133 ..\obj\event_groups.o
 .debug_aranges
                0x00000000       0x68 ..\obj\event_groups.o
 .debug_ranges  0x00000000       0x58 ..\obj\event_groups.o
 .debug_line    0x00000000      0x458 ..\obj\event_groups.o
 .debug_str     0x00000000      0x522 ..\obj\event_groups.o
 .comment       0x00000000       0x71 ..\obj\event_groups.o
 .ARM.attributes
                0x00000000       0x33 ..\obj\event_groups.o
 .debug_frame   0x00000000      0x14c ..\obj\event_groups.o
 .text          0x00000000        0x0 ..\obj\heap_2.o
 .rodata        0x00000000        0x2 ..\obj\heap_2.o
 .text.xPortGetFreeHeapSize
                0x00000000       0x18 ..\obj\heap_2.o
 .text.vPortInitialiseBlocks
                0x00000000        0xc ..\obj\heap_2.o
 .text          0x00000000        0x0 c:/program files/gnu tools arm embedded/4.8 2014q2/bin/../lib/gcc/arm-none-eabi/4.8.4/../../../../arm-none-eabi/lib/armv7-m\libg.a(lib_a-memcmp.o)
 .data          0x00000000        0x0 c:/program files/gnu tools arm embedded/4.8 2014q2/bin/../lib/gcc/arm-none-eabi/4.8.4/../../../../arm-none-eabi/lib/armv7-m\libg.a(lib_a-memcmp.o)
 .bss           0x00000000        0x0 c:/program files/gnu tools arm embedded/4.8 2014q2/bin/../lib/gcc/arm-none-eabi/4.8.4/../../../../arm-none-eabi/lib/armv7-m\libg.a(lib_a-memcmp.o)
 .text          0x00000000       0xec c:/program files/gnu tools arm embedded/4.8 2014q2/bin/../lib/gcc/arm-none-eabi/4.8.4/../../../../arm-none-eabi/lib/armv7-m\libg.a(lib_a-memcpy.o)
 .data          0x00000000        0x0 c:/program files/gnu tools arm embedded/4.8 2014q2/bin/../lib/gcc/arm-none-eabi/4.8.4/../../../../arm-none-eabi/lib/armv7-m\libg.a(lib_a-memcpy.o)
 .bss           0x00000000        0x0 c:/program files/gnu tools arm embedded/4.8 2014q2/bin/../lib/gcc/arm-none-eabi/4.8.4/../../../../arm-none-eabi/lib/armv7-m\libg.a(lib_a-memcpy.o)
 .ARM.attributes
                0x00000000       0x1b c:/program files/gnu tools arm embedded/4.8 2014q2/bin/../lib/gcc/arm-none-eabi/4.8.4/../../../../arm-none-eabi/lib/armv7-m\libg.a(lib_a-memcpy.o)
 .text          0x00000000        0x0 c:/program files/gnu tools arm embedded/4.8 2014q2/bin/../lib/gcc/arm-none-eabi/4.8.4/../../../../arm-none-eabi/lib/armv7-m\libg.a(lib_a-memset.o)
 .data          0x00000000        0x0 c:/program files/gnu tools arm embedded/4.8 2014q2/bin/../lib/gcc/arm-none-eabi/4.8.4/../../../../arm-none-eabi/lib/armv7-m\libg.a(lib_a-memset.o)
 .bss           0x00000000        0x0 c:/program files/gnu tools arm embedded/4.8 2014q2/bin/../lib/gcc/arm-none-eabi/4.8.4/../../../../arm-none-eabi/lib/armv7-m\libg.a(lib_a-memset.o)
 .text          0x00000000        0x0 c:/program files/gnu tools arm embedded/4.8 2014q2/bin/../lib/gcc/arm-none-eabi/4.8.4/../../../../arm-none-eabi/lib/armv7-m\libg.a(lib_a-strcpy.o)
 .data          0x00000000        0x0 c:/program files/gnu tools arm embedded/4.8 2014q2/bin/../lib/gcc/arm-none-eabi/4.8.4/../../../../arm-none-eabi/lib/armv7-m\libg.a(lib_a-strcpy.o)
 .bss           0x00000000        0x0 c:/program files/gnu tools arm embedded/4.8 2014q2/bin/../lib/gcc/arm-none-eabi/4.8.4/../../../../arm-none-eabi/lib/armv7-m\libg.a(lib_a-strcpy.o)
 .text.strcpy   0x00000000       0xbc c:/program files/gnu tools arm embedded/4.8 2014q2/bin/../lib/gcc/arm-none-eabi/4.8.4/../../../../arm-none-eabi/lib/armv7-m\libg.a(lib_a-strcpy.o)
 .ARM.attributes
                0x00000000       0x2d c:/program files/gnu tools arm embedded/4.8 2014q2/bin/../lib/gcc/arm-none-eabi/4.8.4/../../../../arm-none-eabi/lib/armv7-m\libg.a(lib_a-strcpy.o)
 .debug_frame   0x00000000       0x20 c:/program files/gnu tools arm embedded/4.8 2014q2/bin/../lib/gcc/arm-none-eabi/4.8.4/../../../../arm-none-eabi/lib/armv7-m\libg.a(lib_a-strcpy.o)
 .text          0x00000000        0x0 c:/program files/gnu tools arm embedded/4.8 2014q2/bin/../lib/gcc/arm-none-eabi/4.8.4/../../../../arm-none-eabi/lib/armv7-m\libg.a(lib_a-strlen.o)
 .data          0x00000000        0x0 c:/program files/gnu tools arm embedded/4.8 2014q2/bin/../lib/gcc/arm-none-eabi/4.8.4/../../../../arm-none-eabi/lib/armv7-m\libg.a(lib_a-strlen.o)
 .bss           0x00000000        0x0 c:/program files/gnu tools arm embedded/4.8 2014q2/bin/../lib/gcc/arm-none-eabi/4.8.4/../../../../arm-none-eabi/lib/armv7-m\libg.a(lib_a-strlen.o)
 .text.strlen   0x00000000       0x60 c:/program files/gnu tools arm embedded/4.8 2014q2/bin/../lib/gcc/arm-none-eabi/4.8.4/../../../../arm-none-eabi/lib/armv7-m\libg.a(lib_a-strlen.o)
 .ARM.attributes
                0x00000000       0x2d c:/program files/gnu tools arm embedded/4.8 2014q2/bin/../lib/gcc/arm-none-eabi/4.8.4/../../../../arm-none-eabi/lib/armv7-m\libg.a(lib_a-strlen.o)
 .debug_frame   0x00000000       0x20 c:/program files/gnu tools arm embedded/4.8 2014q2/bin/../lib/gcc/arm-none-eabi/4.8.4/../../../../arm-none-eabi/lib/armv7-m\libg.a(lib_a-strlen.o)

Memory Configuration

Name             Origin             Length             Attributes
rom              0x00000000         0x00080000         xr
ram              0x10000000         0x00008000         xrw
ram1             0x2007c000         0x00008000         xrw
*default*        0x00000000         0xffffffff

Linker script and memory map

                0x10008000                _eram = 0x10008000

.text           0x00000000     0x1694
 *(.isr_vector)
 .isr_vector    0x00000000       0xcc ..\obj\startup_LPC17xx.o
                0x00000000                g_pfnVectors
 *(.text*)
 .text.SystemInit
                0x000000cc      0x150 ..\obj\system_LPC17xx.o
                0x000000cc                SystemInit
 .text.ECALPC1768Init
                0x0000021c       0x80 ..\obj\main.o
                0x0000021c                ECALPC1768Init
 .text.main     0x0000029c       0x58 ..\obj\main.o
                0x0000029c                main
 .text.vTask1   0x000002f4       0x34 ..\obj\main.o
                0x000002f4                vTask1
 .text.vTask2   0x00000328       0x34 ..\obj\main.o
                0x00000328                vTask2
 .text.vApplicationMallocFailedHook
                0x0000035c        0x8 ..\obj\main.o
                0x0000035c                vApplicationMallocFailedHook
 .text.vApplicationStackOverflowHook
                0x00000364        0xc ..\obj\main.o
                0x00000364                vApplicationStackOverflowHook
 .text.vApplicationIdleHook
                0x00000370        0xc ..\obj\main.o
                0x00000370                vApplicationIdleHook
 .text.vApplicationTickHook
                0x0000037c        0xc ..\obj\main.o
                0x0000037c                vApplicationTickHook
 .text.GPIO_GetPointer
                0x00000388       0x74 ..\obj\lpc17xx_gpio.o
 .text.GPIO_SetDir
                0x000003fc       0x48 ..\obj\lpc17xx_gpio.o
                0x000003fc                GPIO_SetDir
 .text.GPIO_SetValue
                0x00000444       0x28 ..\obj\lpc17xx_gpio.o
                0x00000444                GPIO_SetValue
 .text.GPIO_ClearValue
                0x0000046c       0x28 ..\obj\lpc17xx_gpio.o
                0x0000046c                GPIO_ClearValue
 .text.GPIO_ReadValue
                0x00000494       0x2c ..\obj\lpc17xx_gpio.o
                0x00000494                GPIO_ReadValue
 .text.xTaskGenericCreate
                0x000004c0      0x160 ..\obj\tasks.o
                0x000004c0                xTaskGenericCreate
 .text.vTaskDelay
                0x00000620       0x64 ..\obj\tasks.o
                0x00000620                vTaskDelay
 .text.vTaskStartScheduler
                0x00000684       0x64 ..\obj\tasks.o
                0x00000684                vTaskStartScheduler
 .text.vTaskSuspendAll
                0x000006e8       0x1c ..\obj\tasks.o
                0x000006e8                vTaskSuspendAll
 .text.xTaskResumeAll
                0x00000704      0x10c ..\obj\tasks.o
                0x00000704                xTaskResumeAll
 .text.xTaskIncrementTick
                0x00000810      0x180 ..\obj\tasks.o
                0x00000810                xTaskIncrementTick
 .text.vTaskSwitchContext
                0x00000990       0xf4 ..\obj\tasks.o
                0x00000990                vTaskSwitchContext
 .text.prvIdleTask
                0x00000a84       0x14 ..\obj\tasks.o
 .text.prvInitialiseTCBVariables
                0x00000a98       0x90 ..\obj\tasks.o
 .text.prvInitialiseTaskLists
                0x00000b28       0x7c ..\obj\tasks.o
 .text.prvCheckTasksWaitingTermination
                0x00000ba4       0x74 ..\obj\tasks.o
 .text.prvAddCurrentTaskToDelayedList
                0x00000c18       0x6c ..\obj\tasks.o
 .text.prvAllocateTCBAndStack
                0x00000c84       0x64 ..\obj\tasks.o
 .text.prvDeleteTCB
                0x00000ce8       0x20 ..\obj\tasks.o
 .text.prvResetNextTaskUnblockTime
                0x00000d08       0x48 ..\obj\tasks.o
 .text.Default_Reset_Handler
                0x00000d50       0x60 ..\obj\startup_LPC17xx.o
                0x00000d50                Default_Reset_Handler
                0x00000d50                Reset_Handler
 .text.Default_Handler
                0x00000db0       0x10 ..\obj\startup_LPC17xx.o
                0x00000db0                TIMER2_IRQHandler
                0x00000db0                DebugMon_Handler
                0x00000db0                RIT_IRQHandler
                0x00000db0                I2C0_IRQHandler
                0x00000db0                HardFault_Handler
                0x00000db0                USBActivity_IRQHandler
                0x00000db0                PWM1_IRQHandler
                0x00000db0                NMI_Handler
                0x00000db0                I2C1_IRQHandler
                0x00000db0                EINT2_IRQHandler
                0x00000db0                UART1_IRQHandler
                0x00000db0                EINT3_IRQHandler
                0x00000db0                CANActivity_IRQHandler
                0x00000db0                TIMER3_IRQHandler
                0x00000db0                UART0_IRQHandler
                0x00000db0                UsageFault_Handler
                0x00000db0                PLL0_IRQHandler
                0x00000db0                CAN_IRQHandler
                0x00000db0                PLL1_IRQHandler
                0x00000db0                SSP0_IRQHandler
                0x00000db0                I2S_IRQHandler
                0x00000db0                I2C2_IRQHandler
                0x00000db0                RTC_IRQHandler
                0x00000db0                TIMER0_IRQHandler
                0x00000db0                SPI_IRQHandler
                0x00000db0                EINT1_IRQHandler
                0x00000db0                TIMER1_IRQHandler
                0x00000db0                UART2_IRQHandler
                0x00000db0                ADC_IRQHandler
                0x00000db0                SSP1_IRQHandler
                0x00000db0                USB_IRQHandler
                0x00000db0                BOD_IRQHandler
                0x00000db0                MemManage_Handler
                0x00000db0                WDT_IRQHandler
                0x00000db0                QEI_IRQHandler
                0x00000db0                EINT0_IRQHandler
                0x00000db0                DMA_IRQHandler
                0x00000db0                BusFault_Handler
                0x00000db0                UART3_IRQHandler
                0x00000db0                MCPWM_IRQHandler
                0x00000db0                ENET_IRQHandler
 .text.set_PinFunc
                0x00000dc0       0x84 ..\obj\lpc17xx_pinsel.o
 .text.set_ResistorMode
                0x00000e44       0x84 ..\obj\lpc17xx_pinsel.o
 .text.set_OpenDrainMode
                0x00000ec8       0x6c ..\obj\lpc17xx_pinsel.o
 .text.PINSEL_ConfigPin
                0x00000f34       0x50 ..\obj\lpc17xx_pinsel.o
                0x00000f34                PINSEL_ConfigPin
 .text.vListInitialise
                0x00000f84       0x40 ..\obj\list.o
                0x00000f84                vListInitialise
 .text.vListInitialiseItem
                0x00000fc4       0x18 ..\obj\list.o
                0x00000fc4                vListInitialiseItem
 .text.vListInsertEnd
                0x00000fdc       0x48 ..\obj\list.o
                0x00000fdc                vListInsertEnd
 .text.vListInsert
                0x00001024       0x70 ..\obj\list.o
                0x00001024                vListInsert
 .text.uxListRemove
                0x00001094       0x54 ..\obj\list.o
                0x00001094                uxListRemove
 .text.pxPortInitialiseStack
                0x000010e8       0x58 ..\obj\port.o
                0x000010e8                pxPortInitialiseStack
 .text.prvTaskExitError
                0x00001140       0x20 ..\obj\port.o
 .text.SVC_Handler
                0x00001160       0x24 ..\obj\port.o
                0x00001160                SVC_Handler
 .text.prvPortStartFirstTask
                0x00001184       0x1c ..\obj\port.o
 .text.xPortStartScheduler
                0x000011a0       0xbc ..\obj\port.o
                0x000011a0                xPortStartScheduler
 .text.vPortYield
                0x0000125c       0x20 ..\obj\port.o
                0x0000125c                vPortYield
 .text.vPortEnterCritical
                0x0000127c       0x20 ..\obj\port.o
                0x0000127c                vPortEnterCritical
 .text.vPortExitCritical
                0x0000129c       0x30 ..\obj\port.o
                0x0000129c                vPortExitCritical
 .text.ulPortSetInterruptMask
                0x000012cc       0x14 ..\obj\port.o
                0x000012cc                ulPortSetInterruptMask
 .text.vPortClearInterruptMask
                0x000012e0        0x8 ..\obj\port.o
                0x000012e0                vPortClearInterruptMask
 .text.PendSV_Handler
                0x000012e8       0x44 ..\obj\port.o
                0x000012e8                PendSV_Handler
 .text.SysTick_Handler
                0x0000132c       0x28 ..\obj\port.o
                0x0000132c                SysTick_Handler
 .text.vPortSetupTimerInterrupt
                0x00001354       0x34 ..\obj\port.o
                0x00001354                vPortSetupTimerInterrupt
 .text.pvPortMalloc
                0x00001388      0x124 ..\obj\heap_2.o
                0x00001388                pvPortMalloc
 .text.vPortFree
                0x000014ac       0x70 ..\obj\heap_2.o
                0x000014ac                vPortFree
 .text.prvHeapInit
                0x0000151c       0x50 ..\obj\heap_2.o
 .text.memcmp   0x0000156c       0x68 c:/program files/gnu tools arm embedded/4.8 2014q2/bin/../lib/gcc/arm-none-eabi/4.8.4/../../../../arm-none-eabi/lib/armv7-m\libg.a(lib_a-memcmp.o)
                0x0000156c                memcmp
 .text.memset   0x000015d4       0x94 c:/program files/gnu tools arm embedded/4.8 2014q2/bin/../lib/gcc/arm-none-eabi/4.8.4/../../../../arm-none-eabi/lib/armv7-m\libg.a(lib_a-memset.o)
                0x000015d4                memset
 *(.init)
 *(.fini)
 *crtbegin.o(.ctors)
 *crtbegin?.o(.ctors)
 *(EXCLUDE_FILE(*crtend.o *crtend?.o) .ctors)
 *(SORT(.ctors.*))
 *(.ctors)
 *crtbegin.o(.dtors)
 *crtbegin?.o(.dtors)
 *(EXCLUDE_FILE(*crtend.o *crtend?.o) .dtors)
 *(SORT(.dtors.*))
 *(.dtors)
 *(.rodata*)
 .rodata        0x00001668       0x10 ..\obj\main.o
 .rodata        0x00001678       0x1c ..\obj\tasks.o
 *(.eh_fram e*)

.glue_7         0x00001694        0x0
 .glue_7        0x00000000        0x0 linker stubs

.glue_7t        0x00001694        0x0
 .glue_7t       0x00000000        0x0 linker stubs

.vfp11_veneer   0x00001694        0x0
 .vfp11_veneer  0x00000000        0x0 linker stubs

.v4_bx          0x00001694        0x0
 .v4_bx         0x00000000        0x0 linker stubs

.iplt           0x00001694        0x0
 .iplt          0x00000000        0x0 ..\obj\consoleprint.o

.rel.dyn        0x00001694        0x0
 .rel.iplt      0x00000000        0x0 ..\obj\consoleprint.o

.ARM.extab
 *(.ARM.extab* .gnu.linkonce.armextab.*)
                0x00001694                __exidx_start = .

.ARM.exidx
 *(.ARM.exidx* .gnu.linkonce.armexidx.*)
                0x00001694                __exidx_end = .
                0x00001694                __etext = .
                0x00001694                _sidata = __etext

.data           0x10000000       0x10 load address 0x00001694
                0x10000000                __data_start__ = .
                0x10000000                _sdata = __data_start__
 *(vtable)
 *(.data*)
 .data          0x10000000        0x4 ..\obj\system_LPC17xx.o
                0x10000000                SystemCoreClock
 .data          0x10000004        0x4 ..\obj\tasks.o
 .data          0x10000008        0x4 ..\obj\port.o
 .data          0x1000000c        0x4 ..\obj\heap_2.o
                0x10000010                . = ALIGN (0x4)
                0x10000010                PROVIDE (__preinit_array_start, .)
 *(.preinit_array)
                0x10000010                PROVIDE (__preinit_array_end, .)
                0x10000010                . = ALIGN (0x4)
                0x10000010                PROVIDE (__init_array_start, .)
 *(SORT(.init_array.*))
 *(.init_array)
                0x10000010                PROVIDE (__init_array_end, .)
                0x10000010                . = ALIGN (0x4)
                0x10000010                PROVIDE (__fini_array_start, .)
 *(SORT(.fini_array.*))
 *(.fini_array)
                0x10000010                PROVIDE (__fini_array_end, .)
 *(.jcr*)
                0x10000010                . = ALIGN (0x4)
                0x10000010                __data_end__ = .
                0x10000010                _edata = __data_end__

.igot.plt       0x10000010        0x0 load address 0x000016a4
 .igot.plt      0x00000000        0x0 ..\obj\consoleprint.o

.bss            0x10000010     0x2918 load address 0x000016a4
                0x10000010                . = ALIGN (0x4)
                0x10000010                __bss_start__ = .
                0x10000010                _sbss = __bss_start__
 *(.bss*)
 .bss           0x10000010       0xfc ..\obj\tasks.o
                0x10000010                pxCurrentTCB
 .bss           0x1000010c        0x8 ..\obj\port.o
 .bss           0x10000114     0x2814 ..\obj\heap_2.o
 *(COMMON)
                0x10002928                . = ALIGN (0x4)
                0x10002928                __bss_end__ = .
                0x10002928                _ebss = __bss_end__

.heap           0x10002928        0x0
                0x10002928                __end__ = .
                0x10002928                _end = __end__
                0x10002928                end = __end__
 *(.heap*)
                0x10002928                __HeapLimit = .

.co_stack       0x10002928      0x400 load address 0x00003fbc
                0x10002928                . = ALIGN (0x8)
 *(.co_stack .co_stack.*)
 .co_stack      0x10002928      0x400 ..\obj\startup_LPC17xx.o
                0x10002928                pulStack
                0x10008000                __StackTop = (ORIGIN (ram) + 0x8000)
                0x10007c00                __StackLimit = (__StackTop - SIZEOF (.co_stack))
                0x10008000                PROVIDE (__stack, __StackTop)
                0x00000001                ASSERT ((__StackLimit >= __HeapLimit), region ram  overflowed with stack)
LOAD ..\obj\consoleprint.o
LOAD ..\obj\basic_io.o
LOAD ..\obj\lpc17xx_clkpwr.o
LOAD ..\obj\system_LPC17xx.o
LOAD ..\obj\main.o
LOAD ..\obj\timers.o
LOAD ..\obj\printf.o
LOAD ..\obj\lpc17xx_gpio.o
LOAD ..\obj\tasks.o
LOAD ..\obj\startup_LPC17xx.o
LOAD ..\obj\lpc17xx_libcfg_default.o
LOAD ..\obj\lpc17xx_pinsel.o
LOAD ..\obj\list.o
LOAD ..\obj\syscalls.o
LOAD ..\obj\queue.o
LOAD ..\obj\port.o
LOAD ..\obj\event_groups.o
LOAD ..\obj\heap_2.o
START GROUP
LOAD c:/program files/gnu tools arm embedded/4.8 2014q2/bin/../lib/gcc/arm-none-eabi/4.8.4/armv7-m\libgcc.a
LOAD c:/program files/gnu tools arm embedded/4.8 2014q2/bin/../lib/gcc/arm-none-eabi/4.8.4/../../../../arm-none-eabi/lib/armv7-m\libg.a
LOAD c:/program files/gnu tools arm embedded/4.8 2014q2/bin/../lib/gcc/arm-none-eabi/4.8.4/../../../../arm-none-eabi/lib/armv7-m\libc.a
END GROUP
OUTPUT(LPC17xx-FreeRTOS.elf elf32-littlearm)

.debug_info     0x00000000     0x32a2
 .debug_info    0x00000000      0x4b6 ..\obj\system_LPC17xx.o
 .debug_info    0x000004b6      0x345 ..\obj\main.o
 .debug_info    0x000007fb      0xd55 ..\obj\lpc17xx_gpio.o
 .debug_info    0x00001550      0xee0 ..\obj\tasks.o
 .debug_info    0x00002430       0xe9 ..\obj\startup_LPC17xx.o
 .debug_info    0x00002519      0x46e ..\obj\lpc17xx_pinsel.o
 .debug_info    0x00002987      0x2c4 ..\obj\list.o
 .debug_info    0x00002c4b      0x345 ..\obj\port.o
 .debug_info    0x00002f90      0x312 ..\obj\heap_2.o

.debug_abbrev   0x00000000      0xc9b
 .debug_abbrev  0x00000000      0x101 ..\obj\system_LPC17xx.o
 .debug_abbrev  0x00000101      0x193 ..\obj\main.o
 .debug_abbrev  0x00000294      0x20a ..\obj\lpc17xx_gpio.o
 .debug_abbrev  0x0000049e      0x1fc ..\obj\tasks.o
 .debug_abbrev  0x0000069a       0xa7 ..\obj\startup_LPC17xx.o
 .debug_abbrev  0x00000741      0x13c ..\obj\lpc17xx_pinsel.o
 .debug_abbrev  0x0000087d       0xd6 ..\obj\list.o
 .debug_abbrev  0x00000953      0x1c4 ..\obj\port.o
 .debug_abbrev  0x00000b17      0x184 ..\obj\heap_2.o

.debug_aranges  0x00000000      0x468
 .debug_aranges
                0x00000000       0x28 ..\obj\system_LPC17xx.o
 .debug_aranges
                0x00000028       0x80 ..\obj\main.o
 .debug_aranges
                0x000000a8       0xf8 ..\obj\lpc17xx_gpio.o
 .debug_aranges
                0x000001a0      0x148 ..\obj\tasks.o
 .debug_aranges
                0x000002e8       0x28 ..\obj\startup_LPC17xx.o
 .debug_aranges
                0x00000310       0x48 ..\obj\lpc17xx_pinsel.o
 .debug_aranges
                0x00000358       0x40 ..\obj\list.o
 .debug_aranges
                0x00000398       0x90 ..\obj\port.o
 .debug_aranges
                0x00000428       0x40 ..\obj\heap_2.o

.debug_ranges   0x00000000      0x3d8
 .debug_ranges  0x00000000       0x18 ..\obj\system_LPC17xx.o
 .debug_ranges  0x00000018       0x70 ..\obj\main.o
 .debug_ranges  0x00000088       0xe8 ..\obj\lpc17xx_gpio.o
 .debug_ranges  0x00000170      0x138 ..\obj\tasks.o
 .debug_ranges  0x000002a8       0x18 ..\obj\startup_LPC17xx.o
 .debug_ranges  0x000002c0       0x38 ..\obj\lpc17xx_pinsel.o
 .debug_ranges  0x000002f8       0x30 ..\obj\list.o
 .debug_ranges  0x00000328       0x80 ..\obj\port.o
 .debug_ranges  0x000003a8       0x30 ..\obj\heap_2.o

.debug_line     0x00000000     0x2388
 .debug_line    0x00000000      0x1f6 ..\obj\system_LPC17xx.o
 .debug_line    0x000001f6      0x523 ..\obj\main.o
 .debug_line    0x00000719      0x4c1 ..\obj\lpc17xx_gpio.o
 .debug_line    0x00000bda      0xa6a ..\obj\tasks.o
 .debug_line    0x00001644       0xa0 ..\obj\startup_LPC17xx.o
 .debug_line    0x000016e4      0x295 ..\obj\lpc17xx_pinsel.o
 .debug_line    0x00001979      0x33c ..\obj\list.o
 .debug_line    0x00001cb5      0x3fd ..\obj\port.o
 .debug_line    0x000020b2      0x2d6 ..\obj\heap_2.o

.debug_str      0x00000000     0x1a23
 .debug_str     0x00000000      0x317 ..\obj\system_LPC17xx.o
                                0x364 (size before relaxing)
 .debug_str     0x00000317      0x1b5 ..\obj\main.o
                                0x318 (size before relaxing)
 .debug_str     0x000004cc      0x485 ..\obj\lpc17xx_gpio.o
                                0x5f5 (size before relaxing)
 .debug_str     0x00000951      0x87f ..\obj\tasks.o
                                0xa6b (size before relaxing)
 .debug_str     0x000011d0       0xb1 ..\obj\startup_LPC17xx.o
                                0x148 (size before relaxing)
 .debug_str     0x00001281      0x249 ..\obj\lpc17xx_pinsel.o
                                0x3fe (size before relaxing)
 .debug_str     0x000014ca      0x115 ..\obj\list.o
                                0x301 (size before relaxing)
 .debug_str     0x000015df      0x284 ..\obj\port.o
                                0x43e (size before relaxing)
 .debug_str     0x00001863      0x1c0 ..\obj\heap_2.o
                                0x361 (size before relaxing)

.comment        0x00000000       0x70
 .comment       0x00000000       0x70 ..\obj\system_LPC17xx.o
                                 0x71 (size before relaxing)
 .comment       0x00000000       0x71 ..\obj\main.o
 .comment       0x00000000       0x71 ..\obj\lpc17xx_gpio.o
 .comment       0x00000000       0x71 ..\obj\tasks.o
 .comment       0x00000000       0x71 ..\obj\startup_LPC17xx.o
 .comment       0x00000000       0x71 ..\obj\lpc17xx_pinsel.o
 .comment       0x00000000       0x71 ..\obj\list.o
 .comment       0x00000000       0x71 ..\obj\port.o
 .comment       0x00000000       0x71 ..\obj\heap_2.o

.ARM.attributes
                0x00000000       0x31
 .ARM.attributes
                0x00000000       0x33 ..\obj\system_LPC17xx.o
 .ARM.attributes
                0x00000033       0x33 ..\obj\main.o
 .ARM.attributes
                0x00000066       0x33 ..\obj\lpc17xx_gpio.o
 .ARM.attributes
                0x00000099       0x33 ..\obj\tasks.o
 .ARM.attributes
                0x000000cc       0x33 ..\obj\startup_LPC17xx.o
 .ARM.attributes
                0x000000ff       0x33 ..\obj\lpc17xx_pinsel.o
 .ARM.attributes
                0x00000132       0x33 ..\obj\list.o
 .ARM.attributes
                0x00000165       0x33 ..\obj\port.o
 .ARM.attributes
                0x00000198       0x33 ..\obj\heap_2.o
 .ARM.attributes
                0x000001cb       0x2d c:/program files/gnu tools arm embedded/4.8 2014q2/bin/../lib/gcc/arm-none-eabi/4.8.4/../../../../arm-none-eabi/lib/armv7-m\libg.a(lib_a-memcmp.o)
 .ARM.attributes
                0x000001f8       0x2d c:/program files/gnu tools arm embedded/4.8 2014q2/bin/../lib/gcc/arm-none-eabi/4.8.4/../../../../arm-none-eabi/lib/armv7-m\libg.a(lib_a-memset.o)

.debug_frame    0x00000000      0xdf0
 .debug_frame   0x00000000       0x40 ..\obj\system_LPC17xx.o
 .debug_frame   0x00000040      0x184 ..\obj\main.o
 .debug_frame   0x000001c4      0x378 ..\obj\lpc17xx_gpio.o
 .debug_frame   0x0000053c      0x4a8 ..\obj\tasks.o
 .debug_frame   0x000009e4       0x48 ..\obj\startup_LPC17xx.o
 .debug_frame   0x00000a2c       0xbc ..\obj\lpc17xx_pinsel.o
 .debug_frame   0x00000ae8       0x9c ..\obj\list.o
 .debug_frame   0x00000b84      0x178 ..\obj\port.o
 .debug_frame   0x00000cfc       0x9c ..\obj\heap_2.o
 .debug_frame   0x00000d98       0x2c c:/program files/gnu tools arm embedded/4.8 2014q2/bin/../lib/gcc/arm-none-eabi/4.8.4/../../../../arm-none-eabi/lib/armv7-m\libg.a(lib_a-memcmp.o)
 .debug_frame   0x00000dc4       0x2c c:/program files/gnu tools arm embedded/4.8 2014q2/bin/../lib/gcc/arm-none-eabi/4.8.4/../../../../arm-none-eabi/lib/armv7-m\libg.a(lib_a-memset.o)
